Name:                                                     scaletest-hpa
Namespace:                                                highload
Labels:                                                   <none>
Annotations:                                              <none>
CreationTimestamp:                                        Sat, 25 Apr 2026 17:28:42 +0300
Reference:                                                Deployment/scaletest-deployment
Metrics:                                                  ( current / target )
  resource memory on pods  (as a percentage of request):  66% (20498Ki) / 80%
Min replicas:                                             1
Max replicas:                                             10
Deployment pods:                                          10 current / 10 desired
Conditions:
  Type            Status  Reason               Message
  ----            ------  ------               -------
  AbleToScale     True    ScaleDownStabilized  recent recommendations were higher than current one, applying the highest recent recommendation
  ScalingActive   True    ValidMetricFound     the HPA was able to successfully calculate a replica count from memory resource utilization (percentage of request)
  ScalingLimited  False   DesiredWithinRange   the desired count is within the acceptable range
Events:
  Type     Reason                        Age                From                       Message
  ----     ------                        ----               ----                       -------
  Warning  FailedGetResourceMetric       58m (x3 over 59m)  horizontal-pod-autoscaler  failed to get memory utilization: unable to get metrics for resource memory: no metrics returned from resource metrics API
  Warning  FailedComputeMetricsReplicas  58m (x3 over 59m)  horizontal-pod-autoscaler  invalid metrics (1 invalid out of 1), first error is: failed to get memory resource metric value: failed to get memory utilization: unable to get metrics for resource memory: no metrics returned from resource metrics API
  Normal   SuccessfulRescale             52m                horizontal-pod-autoscaler  New size: 2; reason: memory resource utilization (percentage of request) above target
  Normal   SuccessfulRescale             50m                horizontal-pod-autoscaler  New size: 3; reason: memory resource utilization (percentage of request) above target
  Normal   SuccessfulRescale             49m                horizontal-pod-autoscaler  New size: 4; reason: memory resource utilization (percentage of request) above target
  Normal   SuccessfulRescale             48m                horizontal-pod-autoscaler  New size: 5; reason: memory resource utilization (percentage of request) above target
  Normal   SuccessfulRescale             46m                horizontal-pod-autoscaler  New size: 7; reason: memory resource utilization (percentage of request) above target
  Normal   SuccessfulRescale             44m                horizontal-pod-autoscaler  New size: 8; reason: memory resource utilization (percentage of request) above target
  Normal   SuccessfulRescale             42m                horizontal-pod-autoscaler  New size: 9; reason: memory resource utilization (percentage of request) above target
  Normal   SuccessfulRescale             38m                horizontal-pod-autoscaler  New size: 10; reason: memory resource utilization (percentage of request) above target
